// Jest Snapshot v1, https://goo.gl/fbAQLP

exports[`__interactive 1`] = `
<DocumentFragment>
  <div
    class="wrapper"
  >
    <ul
      class="container"
    >
      <li
        class="tabItem selected"
        role="tab"
        tabindex="0"
      >
        壽險
      </li>
      <li
        class="tabItem"
        role="tab"
        tabindex="1"
      >
        產險
      </li>
      <li
        class="slider"
        style="left: 0px; width: 0px;"
      />
    </ul>
  </div>
</DocumentFragment>
`;
